python : Traceback (most recent call last):
No linha:1 caractere:1
+ python debug_test.py > test_output.txt 2>&1
+ ~~~~~~~~~~~~~~~~~~~~~~~~~~~~~~~~~~~~~~~~~~~
    + CategoryInfo          : NotSpecified: (Traceback (most recent call last)::String) [], RemoteExcep 
   tion
    + FullyQualifiedErrorId : NativeCommandError
 
  File "C:\Users\edigo\Projetos\forecast2\debug_test.py", line 171, in <module>
    test_html_generation() 
    ^^^^^^^^^^^^^^^^^^^^^^
  File "C:\Users\edigo\Projetos\forecast2\debug_test.py", line 70, in test_html_generation
    print("\U0001f50d TESTE DE DEBUG - GERAÃ├O DE HTML")
  File "C:\Users\edigo\miniconda3\Lib\encodings\cp1252.py", line 19, in encode
    return codecs.charmap_encode(input,self.errors,encoding_table)[0]
           ^^^^^^^^^^^^^^^^^^^^^^^^^^^^^^^^^^^^^^^^^^^^^^^^^^^^^^^
UnicodeEncodeError: 'charmap' codec can't encode character '\U0001f50d' in position 0: character maps 
to <undefined>
